***********************************************
The rDock program isÂ licensed under GNU-LGPLv3.0. http://rdock.sourceforge.net/
Executable:	rbcavity ($Id: //depot/dev/client3/rdock/2013.1/src/exe/rbcavity.cxx#3 $)
Library:	libRbt.so/2013.1/901 2013/11/27
RBT_ROOT:	/export/apps/CentOS7/rdock/src/rDock_2013.1_src
RBT_HOME:	/home/afrankz
Current dir:	/home/afrankz/local_software/repo/RNACavityMiner/test/3E5C_RNA
Date:		Mon Aug 17 13:07:56 2020
***********************************************

Command line arguments:
-r /home/afrankz/local_software/repo/RNACavityMiner/test/3E5C_RNA/receptor.prm
-was
-d

MAPPER
CENTER	(13,0,15)
CLASS	RbtSphereSiteMapper
ENABLED	TRUE
GRIDSTEP	0.5
LARGE_SPHERE	5.5
MAX_CAVITIES	50
MIN_VOLUME	25
NAME	MAPPER
RADIUS	100
SMALL_SPHERE	1.5
TRACE	0
VOL_INCR	1.0


DOCKING SITE
Total volume 4677.75 A^3
Cavity #1	Size=15876 points; Vol=1984.5 A^3; Min=(-10,-11.5,4.5); Max=(22,24.5,21); Center=(6.25665,7.79645,12.0627); Extent=(32,36,16.5)
Cavity #2	Size=14620 points; Vol=1827.5 A^3; Min=(-3.5,-26,8); Max=(32.5,4.5,30.5); Center=(14.2555,-8.83841,21.7321); Extent=(36,30.5,22.5)
Cavity #3	Size=1836 points; Vol=229.5 A^3; Min=(-3,-10.5,13); Max=(3,2.5,25); Center=(0.167211,-3.76552,18.7759); Extent=(6,13,12)
Cavity #4	Size=1331 points; Vol=166.375 A^3; Min=(0,2,22.5); Max=(9,10.5,32); Center=(3.51465,6.09429,26.9838); Extent=(9,8.5,9.5)
Cavity #5	Size=1220 points; Vol=152.5 A^3; Min=(17.5,-23,8); Max=(25,-10,14); Center=(21.198,-16.4791,10.6971); Extent=(7.5,13,6)
Cavity #6	Size=1029 points; Vol=128.625 A^3; Min=(27,-10,6); Max=(41,-4,18); Center=(33.776,-6.54179,10.8776); Extent=(14,6,12)
Cavity #7	Size=622 points; Vol=77.75 A^3; Min=(-1.5,12.5,-1.5); Max=(6.5,17,4); Center=(2.3328,14.5965,1.18006); Extent=(8,4.5,5.5)
Cavity #8	Size=337 points; Vol=42.125 A^3; Min=(26,-17.5,16); Max=(30.5,-11.5,21); Center=(27.9763,-14.2537,18.6113); Extent=(4.5,6,5)
Cavity #9	Size=333 points; Vol=41.625 A^3; Min=(-3,-5,6); Max=(2,-1,12); Center=(-0.5,-2.81532,9); Extent=(5,4,6)
Cavity #10	Size=218 points; Vol=27.25 A^3; Min=(34,-18,11.5); Max=(38,-15,16); Center=(36,-16.5,13.75); Extent=(4,3,4.5)

Cav = 15876; total = 15876
Cav = 14620; total = 30496
Cav = 1836; total = 32332
Cav = 1331; total = 33663
Cav = 1220; total = 34883
Cav = 1029; total = 35912
Cav = 622; total = 36534
Cav = 337; total = 36871
Cav = 333; total = 37204
Cav = 218; total = 37422
