***********************************************
The rDock program isÂ licensed under GNU-LGPLv3.0. http://rdock.sourceforge.net/
Executable:	rbcavity ($Id: //depot/dev/client3/rdock/2013.1/src/exe/rbcavity.cxx#3 $)
Library:	libRbt.so/2013.1/901 2013/11/27
RBT_ROOT:	/export/apps/CentOS7/rdock/src/rDock_2013.1_src
RBT_HOME:	/home/afrankz
Current dir:	/home/afrankz/local_software/repo/CavityPoser/test/3E5C
Date:		Sun Apr 12 21:31:28 2020
***********************************************

Command line arguments:
-r /home/afrankz/local_software/repo/CavityPoser/params/blind_docking_de_novo.prm
-was
-d
RbtMOL2FileSource: INFO Attempting to identify element by 1st 2 chars of FFType string: Sr
RbtMOL2FileSource: INFO Atomic number = 38
RbtMOL2FileSource: INFO Attempting to identify element by 1st 2 chars of FFType string: Sr
RbtMOL2FileSource: INFO Atomic number = 38
RbtMOL2FileSource: INFO Attempting to identify element by 1st 2 chars of FFType string: Sr
RbtMOL2FileSource: INFO Atomic number = 38
RbtMOL2FileSource: INFO Attempting to identify element by 1st 2 chars of FFType string: Sr
RbtMOL2FileSource: INFO Atomic number = 38
RbtMOL2FileSource: INFO Attempting to identify element by 1st 2 chars of FFType string: Sr
RbtMOL2FileSource: INFO Atomic number = 38
RbtMOL2FileSource: INFO Attempting to identify element by 1st 2 chars of FFType string: Sr
RbtMOL2FileSource: INFO Atomic number = 38
RbtMOL2FileSource: INFO Attempting to identify element by 1st 2 chars of FFType string: Sr
RbtMOL2FileSource: INFO Atomic number = 38
RbtMOL2FileSource: INFO Attempting to identify element by 1st 2 chars of FFType string: Sr
RbtMOL2FileSource: INFO Atomic number = 38
RbtMOL2FileSource: INFO Attempting to identify element by 1st 2 chars of FFType string: Sr
RbtMOL2FileSource: INFO Atomic number = 38
RbtMOL2FileSource: INFO Attempting to identify element by 1st 2 chars of FFType string: Sr
RbtMOL2FileSource: INFO Atomic number = 38
RbtMOL2FileSource: INFO Attempting to identify element by 1st 2 chars of FFType string: Sr
RbtMOL2FileSource: INFO Atomic number = 38
RbtMOL2FileSource: INFO Attempting to identify element by 1st 2 chars of FFType string: Sr
RbtMOL2FileSource: INFO Atomic number = 38
RbtMOL2FileSource: INFO Attempting to identify element by 1st 2 chars of FFType string: Sr
RbtMOL2FileSource: INFO Atomic number = 38
RbtMOL2FileSource: INFO Attempting to identify element by 1st 2 chars of FFType string: Sr
RbtMOL2FileSource: INFO Atomic number = 38
RbtMOL2FileSource: INFO Attempting to identify element by 1st 2 chars of FFType string: Sr
RbtMOL2FileSource: INFO Atomic number = 38
RbtMOL2FileSource: WARNING Undefined Tripos type for UNK:SR_201:SR
RbtMOL2FileSource: WARNING Undefined Tripos type for UNK:SR_202:SR
RbtMOL2FileSource: WARNING Undefined Tripos type for UNK:SR_203:SR
RbtMOL2FileSource: WARNING Undefined Tripos type for UNK:SR_204:SR
RbtMOL2FileSource: WARNING Undefined Tripos type for UNK:SR_205:SR
RbtMOL2FileSource: WARNING Undefined Tripos type for UNK:SR_206:SR
RbtMOL2FileSource: WARNING Undefined Tripos type for UNK:SR_207:SR
RbtMOL2FileSource: WARNING Undefined Tripos type for UNK:SR_208:SR
RbtMOL2FileSource: WARNING Undefined Tripos type for UNK:SR_209:SR
RbtMOL2FileSource: WARNING Undefined Tripos type for UNK:SR_210:SR
RbtMOL2FileSource: WARNING Undefined Tripos type for UNK:SR_211:SR
RbtMOL2FileSource: WARNING Undefined Tripos type for UNK:SR_212:SR
RbtMOL2FileSource: WARNING Undefined Tripos type for UNK:SR_213:SR
RbtMOL2FileSource: WARNING Undefined Tripos type for UNK:SR_214:SR
RbtMOL2FileSource: WARNING Undefined Tripos type for UNK:SR_215:SR

MAPPER
CENTER	(0,0,0)
CLASS	RbtSphereSiteMapper
ENABLED	TRUE
GRIDSTEP	0.5
LARGE_SPHERE	5.5
MAX_CAVITIES	10
MIN_VOLUME	100
NAME	MAPPER
RADIUS	7.5
SMALL_SPHERE	1.5
TRACE	0
VOL_INCR	0.0


DOCKING SITE
Total volume 0 A^3

